// Jest Snapshot v1, https://goo.gl/fbAQLP

exports[`App matches the snapshot 1`] = `
<div id="app">
  <div id="nav">
    <vuecomponent-stub to="[object Object]"></vuecomponent-stub> |
    <vuecomponent-stub to="[object Object]"></vuecomponent-stub>
  </div>
  <vuecomponent-stub></vuecomponent-stub>
</div>
`;
